

Home of Quarkus Cheat-Sheet

https://lordofthejars.github.io/quarkus-cheat-sheet/#quarkuscheatsheet


Guías:

https://quarkus.io/guides/


Quarkus - Writing JSON REST Services

https://quarkus.io/guides/rest-json


resteasy docs:

https://docs.jboss.org/resteasy/docs/4.6.0.Final/userguide/html/

https://docs.jboss.org/resteasy/docs/4.6.0.Final/userguide/html/Using_Path.html


------------------

JSONB

http://json-b.net/docs/user-guide.html#installation


-----------------

Validar parametros /beans:

Hibernate Validator 7.0.1.Final - Jakarta Bean Validation Reference Implementation: Reference Guide

https://docs.jboss.org/hibernate/stable/validator/reference/en-US/html_single/#section-builtin-constraints

$ ./mvnw quarkus:list-extensions
$ ./mvnw quarkus:add-extension -Dextensions="quarkus-hibernate-validator"

$ curl -d '{"description":"Brings a Gorilla too"}' -H "Content-Type: application/json" -X POST http://localhost:8080/fruits -v

-v para salida verbose

-----------------

añadir quitar extensiones:

$ ./mvnw quarkus:list-extensions
$ ./mvnw quarkus:add-extension -Dextensions="quarkus-hibernate-validator"

$ ./mvnw quarkus:remove-extension -Dextension="quarkus-resteasy-jsonb"

----------------

meter este frontend HTML en

https://github.com/quarkusio/quarkus-quickstarts/blob/main/rest-json-quickstart/src/main/resources/META-INF/resources/fruits.html

Es necesario modificar los endpoints a los que he escrito yo

----------------

CURL

https://gist.github.com/subfuzion/08c5d85437d5d4f00e58

HTTP response status codes

https://developer.mozilla.org/en-US/docs/Web/HTTP/Status#server_error_responses


-----------

Testing

https://quarkus.io/guides/getting-started-testing#tests-and-transactions

Maven running a single test:

http://maven.apache.org/plugins-archives/maven-surefire-plugin-2.12.4/examples/single-test.html

$ mvn -Dtest=FruitResourceTest test
$ ./mvnw -Dtest=RepoFruitTest test

Rest-assured

https://rest-assured.io/

Validating JSON examples:

https://www.hascode.com/2011/10/testing-restful-web-services-made-easy-using-the-rest-assured-framework/

Aquí unos vídeos sobre rest-assured:

https://testautomationu.applitools.com/automating-your-api-tests-with-rest-assured/

----------

CDI

https://quarkus.io/guides/cdi-reference